Daily CI Run - Wed Sep 17 10:52:23 UTC 2025
Daily CI Run - Wed Sep 17 10:53:44 UTC 2025
